@mock_calls 1
@mock_calls 2
@mock_calls 3
@mock_calls 4
@mock_calls 5
@mock_calls 6
@mock_calls 7
@mock_calls 8
@mock_calls 9
@mock_calls 10
@mock_calls 11
@mock_calls 12
@mock_calls 13
@mock_calls 14
@mock_calls 15
@mock_calls 16
@mock_calls 17
@mock_calls 18
@mock_calls 19
@mock_calls 20
@mock_calls 21
@mock_calls 22
@mock_calls 23
@mock_calls 24
@mock_calls 25
@mock_calls 26
@mock_calls 27
@mock_calls 28
@mock_calls 29
@mock_calls 30
@mock_calls 31
@mock_calls 32
@mock_calls 33
@mock_calls 34
@mock_calls 35
@mock_calls 36
@mock_calls 37
@mock_calls 38
@mock_calls 39
@mock_calls 40
@mock_calls 41
@mock_calls 42
@mock_calls 43
@mock_calls 44
@mock_calls 45
@mock_calls 46
@mock_calls 47
@mock_calls 48
@mock_calls 49
@mock_calls 50
@mock_calls 51
@mock_calls 52
@mock_calls 53
@mock_calls 54
@mock_calls 55
@mock_calls 56
@mock_calls 57
@mock_calls 58
@mock_calls 59
